[31mERROR:[39m [31mNo job named doesnt_exist found in ../test/test_workflow.yml[39m
